[onstore-apphack.github.io/products_card/index.html]
[backblue.gif]
[fade.gif]
[index.html]
[onstore-apphack.github.io/products_card/css/normalize.css]
[maxcdn.bootstrapcdn.com/font-awesome/4.2.0/css/font-awesome.min.css]
[onstore-apphack.github.io/products_card/css/style.css]
[www.discoverlancaster.com/Uploads/Members/kauffman_s_fruit_farm_and_market/Main/kauffmans_fruit_4.jpg]
[www.horsingaroundinla.com/wp-content/uploads/2013/06/1CBias4.jpg]
[static.catchoftheday.com.au/images/product/0001/1263/53969a9642eba671663529_w306h250.jpg]
[media.onsugar.com/files/2010/09/38/1/192/1922195/93d066546c69e5f9_soda-poll.jpg]
[codepen.io/assets/libs/fullpage/jquery.js]
[s3-us-west-2.amazonaws.com/s.cdpn.io/203277/cycle2.js]
[onstore-apphack.github.io/products_card/index.html]
[onstore-apphack.github.io/products_card/css/normalize.css]
[maxcdn.bootstrapcdn.com/font-awesome/4.2.0/css/font-awesome.min.css]
[s3-us-west-2.amazonaws.com/s.cdpn.io/203277/widget_nav_bg.jpg]
[onstore-apphack.github.io/products_card/css/style.css]
[www.horsingaroundinla.com/wp-content/uploads/2013/06/1CBias4.jpg]
[codepen.io/assets/libs/fullpage/jquery.js]
