[onstore-apphack.github.io/mobileui/index.html]
[backblue.gif]
[fade.gif]
[index.html]
[onstore-apphack.github.io/mobileui/css/style.css]
[netdna.bootstrapcdn.com/font-awesome/4.0.3/css/font-awesome.css]
[onstore-apphack.github.io/mobileui/parallax/index.html]
[onstore-apphack.github.io/mobileui/js/index.js]
[onstore-apphack.github.io/mobileui/index.html]
[codepen.io/assets/libs/fullpage/jquery.js]
[netdna.bootstrapcdn.com/font-awesome/4.0.3/css/font-awesome.css]
[onstore-apphack.github.io/mobileui/css/style.css]
[onstore-apphack.github.io/mobileui/parallax/js/jquery.poptrox.min.js]
[onstore-apphack.github.io/mobileui/parallax/js/skel.min.js]
[onstore-apphack.github.io/mobileui/parallax/js/init.js]
[onstore-apphack.github.io/mobileui/parallax/css/skel.css]
[onstore-apphack.github.io/mobileui/parallax/css/style.css]
[onstore-apphack.github.io/mobileui/parallax/css/style-desktop.css]
[onstore-apphack.github.io/mobileui/parallax/css/style-noscript.css]
[onstore-apphack.github.io/mobileui/parallax/images/fulls/01.jpg]
[onstore-apphack.github.io/mobileui/parallax/images/thumbs/01.jpg]
[onstore-apphack.github.io/mobileui/parallax/images/thumbs/02.jpg]
[onstore-apphack.github.io/mobileui/parallax/images/fulls/09.jpg]
[onstore-apphack.github.io/mobileui/parallax/images/thumbs/09.jpg]
[onstore-apphack.github.io/mobileui/parallax/images/fulls/10.jpg]
[onstore-apphack.github.io/mobileui/parallax/images/fulls/11.jpg]
[onstore-apphack.github.io/mobileui/parallax/images/thumbs/11.jpg]
[onstore-apphack.github.io/mobileui/parallax/images/fulls/12.jpg]
[onstore-apphack.github.io/mobileui/parallax/images/thumbs/12.jpg]
[onstore-apphack.github.io/mobileui/parallax/images/fulls/13.jpg]
[onstore-apphack.github.io/mobileui/parallax/images/thumbs/13.jpg]
[onstore-apphack.github.io/mobileui/parallax/images/fulls/14.jpg]
[onstore-apphack.github.io/mobileui/parallax/images/thumbs/14.jpg]
[onstore-apphack.github.io/mobileui/parallax/images/fulls/15.jpg]
[onstore-apphack.github.io/mobileui/parallax/images/thumbs/15.jpg]
[onstore-apphack.github.io/mobileui/parallax/images/fulls/16.jpg]
[onstore-apphack.github.io/mobileui/parallax/images/thumbs/16.jpg]
[onstore-apphack.github.io/mobileui/parallax/images/fulls/03.jpg]
[onstore-apphack.github.io/mobileui/parallax/images/thumbs/03.jpg]
[onstore-apphack.github.io/mobileui/parallax/images/fulls/04.jpg]
[onstore-apphack.github.io/mobileui/parallax/images/thumbs/04.jpg]
[onstore-apphack.github.io/mobileui/parallax/images/fulls/05.jpg]
[onstore-apphack.github.io/mobileui/parallax/images/thumbs/05.jpg]
[onstore-apphack.github.io/mobileui/parallax/images/fulls/06.jpg]
[onstore-apphack.github.io/mobileui/parallax/images/thumbs/06.jpg]
[onstore-apphack.github.io/mobileui/parallax/images/fulls/17.jpg]
[onstore-apphack.github.io/mobileui/parallax/images/thumbs/17.jpg]
[onstore-apphack.github.io/mobileui/parallax/images/fulls/18.jpg]
[onstore-apphack.github.io/mobileui/parallax/images/thumbs/18.jpg]
[onstore-apphack.github.io/mobileui/parallax/images/fulls/19.jpg]
[onstore-apphack.github.io/mobileui/parallax/images/thumbs/19.jpg]
[onstore-apphack.github.io/mobileui/parallax/images/fulls/20.jpg]
[onstore-apphack.github.io/mobileui/parallax/images/thumbs/20.jpg]
[onstore-apphack.github.io/mobileui/parallax/images/fulls/07.jpg]
[onstore-apphack.github.io/mobileui/parallax/images/thumbs/07.jpg]
[onstore-apphack.github.io/mobileui/parallax/images/fulls/08.jpg]
[onstore-apphack.github.io/mobileui/parallax/images/thumbs/08.jpg]
[onstore-apphack.github.io/mobileui/parallax/index.html]
[onstore-apphack.github.io/index.html]
[codepen.io/assets/libs/fullpage/jquery.js]
[onstore-apphack.github.io/mobileui/parallax/js/jquery.min.html]
[onstore-apphack.github.io/mobileui/parallax/css/skel.css]
[onstore-apphack.github.io/mobileui/parallax/css/font-awesome.min.css]
[onstore-apphack.github.io/mobileui/parallax/css/images/overlay.png]
[onstore-apphack.github.io/mobileui/parallax/css/style.css]
[onstore-apphack.github.io/mobileui/parallax/images/bg.jpg]
[onstore-apphack.github.io/mobileui/parallax/css/images/loader.gif]
[onstore-apphack.github.io/mobileui/parallax/css/style-desktop.css]
[onstore-apphack.github.io/mobileui/parallax/css/style-noscript.css]
[onstore-apphack.github.io/mobileui/parallax/images/fulls/02.html]
[onstore-apphack.github.io/mobileui/parallax/images/thumbs/10.html]
[onstore-apphack.github.io/js/Chart.js]
[onstore-apphack.github.io/js/jquery.min.js]
[onstore-apphack.github.io/css/style.css]
[onstore-apphack.github.io/css/bootstrap.css]
[onstore-apphack.github.io/css/style_extra.css]
[onstore-apphack.github.io/css/animate.css]
[onstore-apphack.github.io/js/wow.min.js]
[onstore-apphack.github.io/js/easing.js]
[onstore-apphack.github.io/js/responsiveslides.min.js]
[onstore-apphack.github.io/js/move-top.js]
[onstore-apphack.github.io/images/mock/welcome.png]
[onstore-apphack.github.io/demo/index.html]
[onstore-apphack.github.io/images/first-image.jpg]
[onstore-apphack.github.io/images/second-image.jpg]
[onstore-apphack.github.io/images/third-image.jpg]
[onstore-apphack.github.io/images/featu-image.png]
[onstore-apphack.github.io/images/mock/flat.png]
[onstore-apphack.github.io/images/mock/billing.png]
[onstore-apphack.github.io/images/mock/tobuy.png]
[onstore-apphack.github.io/images/mock/report.png]
[onstore-apphack.github.io/images/mock/feedback.png]
[onstore-apphack.github.io/images/footer-app.png]
[onstore-apphack.github.io/index.html]
[onstore-apphack.github.io/mobileui/parallax/css/font-awesome.min.css]
[onstore-apphack.github.io/css/font-awesome.min.css]
[onstore-apphack.github.io/images/banner.jpg]
[onstore-apphack.github.io/images/playstore.PNG]
[onstore-apphack.github.io/images/pattern3.jpg]
[onstore-apphack.github.io/images/social-icons.png]
[onstore-apphack.github.io/images/promo.jpg]
[onstore-apphack.github.io/css/style.css]
[onstore-apphack.github.io/fonts/glyphicons-halflings-regular.5c.delayed]
[onstore-apphack.github.io/fonts/glyphicons-halflings-regulard41d.eot]
[onstore-apphack.github.io/fonts/glyphicons-halflings-regular.woff]
[onstore-apphack.github.io/fonts/glyphicons-halflings-regular.ttf]
[onstore-apphack.github.io/fonts/glyphicons-halflings-regular.svg]
[onstore-apphack.github.io/images/pagenate.png]
[onstore-apphack.github.io/css/bootstrap.css]
[onstore-apphack.github.io/images/app-banner.jpg]
[onstore-apphack.github.io/images/foot-banner.jpg]
[onstore-apphack.github.io/images/bullet.png]
[onstore-apphack.github.io/images/to-top2.png]
[onstore-apphack.github.io/images/mobile-2.png]
[onstore-apphack.github.io/css/style_extra.css]
[onstore-apphack.github.io/css/animate.css]
[onstore-apphack.github.io/demo/js/jquery.min.js]
[onstore-apphack.github.io/demo/js/jquery.dropotron.min.js]
[onstore-apphack.github.io/demo/js/skel.min.js]
[onstore-apphack.github.io/demo/js/skel-layers.min.js]
[onstore-apphack.github.io/demo/js/init.js]
[onstore-apphack.github.io/demo/css/skel.css]
[onstore-apphack.github.io/demo/css/style.css]
[vjs.zencdn.net/4.11/video-js.css]
[vjs.zencdn.net/4.11/video.js]
[onstore-apphack.github.io/demo/index-2.html]
[onstore-apphack.github.io/demo/images/barcodes/one.png]
[onstore-apphack.github.io/demo/images/barcodes/two.png]
[onstore-apphack.github.io/demo/images/barcodes/three.png]
[onstore-apphack.github.io/demo/images/barcodes/four.png]
[onstore-apphack.github.io/demo/images/barcodes/five.png]
[onstore-apphack.github.io/demo/images/barcodes/six.png]
[onstore-apphack.github.io/demo/index.html]
[onstore-apphack.github.io/mobileui/parallax/fonts/fontawesome-webfonte0a5.html]
[onstore-apphack.github.io/mobileui/parallax/fonts/fontawesome-webfontd41d.html]
[onstore-apphack.github.io/mobileui/parallax/fonts/fontawesome-webfonte0a5-2.html]
[onstore-apphack.github.io/mobileui/parallax/fonts/fontawesome-webfonte0a5-3.html]
[onstore-apphack.github.io/mobileui/parallax/fonts/fontawesome-webfonte0a5-4.html]
[onstore-apphack.github.io/mobileui/parallax/fonts/fontawesome-webfonte0a5-5.html]
[onstore-apphack.github.io/fonts/fontawesome-webfonte0a5.eot]
[onstore-apphack.github.io/fonts/fontawesome-webfontd41d.eot]
[onstore-apphack.github.io/fonts/fontawesome-webfonte0a5.woff2]
[onstore-apphack.github.io/fonts/fontawesome-webfonte0a5.woff]
[onstore-apphack.github.io/css/font-awesome.min.css]
[onstore-apphack.github.io/images/playstore.html]
[onstore-apphack.github.io/css/images/overlay.html]
[onstore-apphack.github.io/fonts/glyphicons-halflings-regular.html]
[onstore-apphack.github.io/fonts/glyphicons-halflings-regulard41d.html]
[onstore-apphack.github.io/fonts/glyphicons-halflings-regular-2.html]
[onstore-apphack.github.io/fonts/glyphicons-halflings-regular-3.html]
[onstore-apphack.github.io/fonts/glyphicons-halflings-regular-4.html]
[onstore-apphack.github.io/images/pagenate.html]
[onstore-apphack.github.io/demo/css/skel.css]
[onstore-apphack.github.io/demo/css/font-awesome.min.css]
[onstore-apphack.github.io/demo/css/images/image-wrapper.svg]
[onstore-apphack.github.io/fonts/fontawesome-webfonte0a5.ttf]
[onstore-apphack.github.io/fonts/fontawesome-webfonte0a5.svg]
[onstore-apphack.github.io/demo/css/images/header.svg]
[onstore-apphack.github.io/demo/css/images/overlay.png]
[onstore-apphack.github.io/demo/images/promo.jpg]
[onstore-apphack.github.io/demo/css/images/footer.svg]
[onstore-apphack.github.io/demo/css/style.css]
[vjs.zencdn.net/4.11/video-js.css]
[onstore-apphack.github.io/demo/index-2.html]
[onstore-apphack.github.io/fonts/fontawesome-webfonte0a5.svg]
[onstore-apphack.github.io/demo/fonts/fontawesome-webfont78ce.eot]
[onstore-apphack.github.io/demo/fonts/fontawesome-webfontd41d.eot]
[onstore-apphack.github.io/demo/fonts/fontawesome-webfont78ce.woff]
[onstore-apphack.github.io/demo/css/font-awesome.min.css]
[onstore-apphack.github.io/demo/fonts/fontawesome-webfont78ce.svg]
[onstore-apphack.github.io/demo/css/images/image-wrapper.svg]
[onstore-apphack.github.io/demo/css/images/header.svg]
[onstore-apphack.github.io/demo/css/images/footer.svg]
[onstore-apphack.github.io/demo/fonts/fontawesome-webfont78ce.ttf]
[onstore-apphack.github.io/demo/fonts/fontawesome-webfont78ce.svg]
